
> react-kavia@0.1.0 start
> react-scripts start

(node:12248) [DEP_WEBPACK_DEV_SERVER_ON_AFTER_SETUP_MIDDLEWARE] DeprecationWarning: 'onAfterSetupMiddleware' option is deprecated. Please use the 'setupMiddlewares' option.
(Use `node --trace-deprecation ...` to show where the warning was created)
(node:12248) [DEP_WEBPACK_DEV_SERVER_ON_BEFORE_SETUP_MIDDLEWARE] DeprecationWarning: 'onBeforeSetupMiddleware' option is deprecated. Please use the 'setupMiddlewares' option.
Starting the development server...

Compiled successfully!

You can now view react-kavia in the browser.

  Local:            http://localhost:3000
  On Your Network:  http://172.17.0.2:3000

Note that the development build is not optimized.
To create a production build, use npm run build.

webpack compiled successfully
Compiling...
Compiled successfully!
webpack compiled successfully
Compiling...
Failed to compile.

Module not found: Error: Can't resolve 'react-router-dom' in '/home/kavia/workspace/code-generation/auravibe-35535-44ed5a5a/aura_vibe_frontend/src'
ERROR in ./src/App.js 5:0-74
Module not found: Error: Can't resolve 'react-router-dom' in '/home/kavia/workspace/code-generation/auravibe-35535-44ed5a5a/aura_vibe_frontend/src'

ERROR in ./src/App.js 6:0-54
Module not found: Error: Can't resolve './contexts/AuthContext' in '/home/kavia/workspace/code-generation/auravibe-35535-44ed5a5a/aura_vibe_frontend/src'

ERROR in ./src/App.js 7:0-56
Module not found: Error: Can't resolve './contexts/ThemeContext' in '/home/kavia/workspace/code-generation/auravibe-35535-44ed5a5a/aura_vibe_frontend/src'

ERROR in ./src/App.js 8:0-54
Module not found: Error: Can't resolve './components/layout/AppLayout' in '/home/kavia/workspace/code-generation/auravibe-35535-44ed5a5a/aura_vibe_frontend/src'

ERROR in ./src/App.js 9:0-56
Module not found: Error: Can't resolve './components/auth/RequireAuth' in '/home/kavia/workspace/code-generation/auravibe-35535-44ed5a5a/aura_vibe_frontend/src'

ERROR in ./src/App.js 10:0-47
Module not found: Error: Can't resolve './pages/auth/LoginPage' in '/home/kavia/workspace/code-generation/auravibe-35535-44ed5a5a/aura_vibe_frontend/src'

ERROR in ./src/App.js 11:0-53
Module not found: Error: Can't resolve './pages/auth/RegisterPage' in '/home/kavia/workspace/code-generation/auravibe-35535-44ed5a5a/aura_vibe_frontend/src'

ERROR in ./src/App.js 12:0-65
Module not found: Error: Can't resolve './pages/auth/ForgotPasswordPage' in '/home/kavia/workspace/code-generation/auravibe-35535-44ed5a5a/aura_vibe_frontend/src'

ERROR in ./src/App.js 13:0-45
Module not found: Error: Can't resolve './pages/feed/FeedPage' in '/home/kavia/workspace/code-generation/auravibe-35535-44ed5a5a/aura_vibe_frontend/src'

ERROR in ./src/App.js 14:0-54
Module not found: Error: Can't resolve './pages/explore/ExplorePage' in '/home/kavia/workspace/code-generation/auravibe-35535-44ed5a5a/aura_vibe_frontend/src'

ERROR in ./src/App.js 15:0-54
Module not found: Error: Can't resolve './pages/profile/ProfilePage' in '/home/kavia/workspace/code-generation/auravibe-35535-44ed5a5a/aura_vibe_frontend/src'

ERROR in ./src/App.js 16:0-62
Module not found: Error: Can't resolve './pages/profile/EditProfilePage' in '/home/kavia/workspace/code-generation/auravibe-35535-44ed5a5a/aura_vibe_frontend/src'

ERROR in ./src/App.js 17:0-72
Module not found: Error: Can't resolve './pages/notifications/NotificationsPage' in '/home/kavia/workspace/code-generation/auravibe-35535-44ed5a5a/aura_vibe_frontend/src'

ERROR in ./src/App.js 18:0-54
Module not found: Error: Can't resolve './pages/stories/StoriesPage' in '/home/kavia/workspace/code-generation/auravibe-35535-44ed5a5a/aura_vibe_frontend/src'

ERROR in ./src/App.js 19:0-42
Module not found: Error: Can't resolve './pages/dms/DMsPage' in '/home/kavia/workspace/code-generation/auravibe-35535-44ed5a5a/aura_vibe_frontend/src'

ERROR in ./src/App.js 20:0-66
Module not found: Error: Can't resolve './pages/admin/AdminDashboardPage' in '/home/kavia/workspace/code-generation/auravibe-35535-44ed5a5a/aura_vibe_frontend/src'

ERROR in ./src/App.js 21:0-58
Module not found: Error: Can't resolve './pages/audio/AudioReelsPage' in '/home/kavia/workspace/code-generation/auravibe-35535-44ed5a5a/aura_vibe_frontend/src'

ERROR in ./src/App.js 22:0-55
Module not found: Error: Can't resolve './pages/ai/AICaptionsPage' in '/home/kavia/workspace/code-generation/auravibe-35535-44ed5a5a/aura_vibe_frontend/src'

ERROR in ./src/App.js 23:0-65
Module not found: Error: Can't resolve './pages/schedule/PostSchedulePage' in '/home/kavia/workspace/code-generation/auravibe-35535-44ed5a5a/aura_vibe_frontend/src'

ERROR in ./src/App.js 24:0-48
Module not found: Error: Can't resolve './pages/NotFoundPage' in '/home/kavia/workspace/code-generation/auravibe-35535-44ed5a5a/aura_vibe_frontend/src'

webpack compiled with 20 errors
Compiling...
Failed to compile.

Module not found: Error: Can't resolve 'react-router-dom' in '/home/kavia/workspace/code-generation/auravibe-35535-44ed5a5a/aura_vibe_frontend/src'
ERROR in ./src/App.js 5:0-74
Module not found: Error: Can't resolve 'react-router-dom' in '/home/kavia/workspace/code-generation/auravibe-35535-44ed5a5a/aura_vibe_frontend/src'

ERROR in ./src/App.js 6:0-54
Module not found: Error: Can't resolve './contexts/AuthContext' in '/home/kavia/workspace/code-generation/auravibe-35535-44ed5a5a/aura_vibe_frontend/src'

ERROR in ./src/App.js 7:0-56
Module not found: Error: Can't resolve './contexts/ThemeContext' in '/home/kavia/workspace/code-generation/auravibe-35535-44ed5a5a/aura_vibe_frontend/src'

ERROR in ./src/App.js 9:0-56
Module not found: Error: Can't resolve './components/auth/RequireAuth' in '/home/kavia/workspace/code-generation/auravibe-35535-44ed5a5a/aura_vibe_frontend/src'

ERROR in ./src/App.js 10:0-47
Module not found: Error: Can't resolve './pages/auth/LoginPage' in '/home/kavia/workspace/code-generation/auravibe-35535-44ed5a5a/aura_vibe_frontend/src'

ERROR in ./src/App.js 11:0-53
Module not found: Error: Can't resolve './pages/auth/RegisterPage' in '/home/kavia/workspace/code-generation/auravibe-35535-44ed5a5a/aura_vibe_frontend/src'

ERROR in ./src/App.js 12:0-65
Module not found: Error: Can't resolve './pages/auth/ForgotPasswordPage' in '/home/kavia/workspace/code-generation/auravibe-35535-44ed5a5a/aura_vibe_frontend/src'

ERROR in ./src/App.js 13:0-45
Module not found: Error: Can't resolve './pages/feed/FeedPage' in '/home/kavia/workspace/code-generation/auravibe-35535-44ed5a5a/aura_vibe_frontend/src'

ERROR in ./src/App.js 14:0-54
Module not found: Error: Can't resolve './pages/explore/ExplorePage' in '/home/kavia/workspace/code-generation/auravibe-35535-44ed5a5a/aura_vibe_frontend/src'

ERROR in ./src/App.js 15:0-54
Module not found: Error: Can't resolve './pages/profile/ProfilePage' in '/home/kavia/workspace/code-generation/auravibe-35535-44ed5a5a/aura_vibe_frontend/src'

ERROR in ./src/App.js 16:0-62
Module not found: Error: Can't resolve './pages/profile/EditProfilePage' in '/home/kavia/workspace/code-generation/auravibe-35535-44ed5a5a/aura_vibe_frontend/src'

ERROR in ./src/App.js 17:0-72
Module not found: Error: Can't resolve './pages/notifications/NotificationsPage' in '/home/kavia/workspace/code-generation/auravibe-35535-44ed5a5a/aura_vibe_frontend/src'

ERROR in ./src/App.js 18:0-54
Module not found: Error: Can't resolve './pages/stories/StoriesPage' in '/home/kavia/workspace/code-generation/auravibe-35535-44ed5a5a/aura_vibe_frontend/src'

ERROR in ./src/App.js 19:0-42
Module not found: Error: Can't resolve './pages/dms/DMsPage' in '/home/kavia/workspace/code-generation/auravibe-35535-44ed5a5a/aura_vibe_frontend/src'

ERROR in ./src/App.js 20:0-66
Module not found: Error: Can't resolve './pages/admin/AdminDashboardPage' in '/home/kavia/workspace/code-generation/auravibe-35535-44ed5a5a/aura_vibe_frontend/src'

ERROR in ./src/App.js 21:0-58
Module not found: Error: Can't resolve './pages/audio/AudioReelsPage' in '/home/kavia/workspace/code-generation/auravibe-35535-44ed5a5a/aura_vibe_frontend/src'

ERROR in ./src/App.js 22:0-55
Module not found: Error: Can't resolve './pages/ai/AICaptionsPage' in '/home/kavia/workspace/code-generation/auravibe-35535-44ed5a5a/aura_vibe_frontend/src'

ERROR in ./src/App.js 23:0-65
Module not found: Error: Can't resolve './pages/schedule/PostSchedulePage' in '/home/kavia/workspace/code-generation/auravibe-35535-44ed5a5a/aura_vibe_frontend/src'

ERROR in ./src/App.js 24:0-48
Module not found: Error: Can't resolve './pages/NotFoundPage' in '/home/kavia/workspace/code-generation/auravibe-35535-44ed5a5a/aura_vibe_frontend/src'

ERROR in ./src/components/layout/AppLayout.js 5:0-50
Module not found: Error: Can't resolve '../navigation/Navigation' in '/home/kavia/workspace/code-generation/auravibe-35535-44ed5a5a/aura_vibe_frontend/src/components/layout'

webpack compiled with 20 errors
Compiling...
Failed to compile.

Module not found: Error: Can't resolve 'react-router-dom' in '/home/kavia/workspace/code-generation/auravibe-35535-44ed5a5a/aura_vibe_frontend/src'
ERROR in ./src/App.js 5:0-74
Module not found: Error: Can't resolve 'react-router-dom' in '/home/kavia/workspace/code-generation/auravibe-35535-44ed5a5a/aura_vibe_frontend/src'

ERROR in ./src/App.js 6:0-54
Module not found: Error: Can't resolve './contexts/AuthContext' in '/home/kavia/workspace/code-generation/auravibe-35535-44ed5a5a/aura_vibe_frontend/src'

ERROR in ./src/App.js 7:0-56
Module not found: Error: Can't resolve './contexts/ThemeContext' in '/home/kavia/workspace/code-generation/auravibe-35535-44ed5a5a/aura_vibe_frontend/src'

ERROR in ./src/App.js 9:0-56
Module not found: Error: Can't resolve './components/auth/RequireAuth' in '/home/kavia/workspace/code-generation/auravibe-35535-44ed5a5a/aura_vibe_frontend/src'

ERROR in ./src/App.js 10:0-47
Module not found: Error: Can't resolve './pages/auth/LoginPage' in '/home/kavia/workspace/code-generation/auravibe-35535-44ed5a5a/aura_vibe_frontend/src'

ERROR in ./src/App.js 11:0-53
Module not found: Error: Can't resolve './pages/auth/RegisterPage' in '/home/kavia/workspace/code-generation/auravibe-35535-44ed5a5a/aura_vibe_frontend/src'

ERROR in ./src/App.js 12:0-65
Module not found: Error: Can't resolve './pages/auth/ForgotPasswordPage' in '/home/kavia/workspace/code-generation/auravibe-35535-44ed5a5a/aura_vibe_frontend/src'

ERROR in ./src/App.js 13:0-45
Module not found: Error: Can't resolve './pages/feed/FeedPage' in '/home/kavia/workspace/code-generation/auravibe-35535-44ed5a5a/aura_vibe_frontend/src'

ERROR in ./src/App.js 14:0-54
Module not found: Error: Can't resolve './pages/explore/ExplorePage' in '/home/kavia/workspace/code-generation/auravibe-35535-44ed5a5a/aura_vibe_frontend/src'

ERROR in ./src/App.js 15:0-54
Module not found: Error: Can't resolve './pages/profile/ProfilePage' in '/home/kavia/workspace/code-generation/auravibe-35535-44ed5a5a/aura_vibe_frontend/src'

ERROR in ./src/App.js 16:0-62
Module not found: Error: Can't resolve './pages/profile/EditProfilePage' in '/home/kavia/workspace/code-generation/auravibe-35535-44ed5a5a/aura_vibe_frontend/src'

ERROR in ./src/App.js 17:0-72
Module not found: Error: Can't resolve './pages/notifications/NotificationsPage' in '/home/kavia/workspace/code-generation/auravibe-35535-44ed5a5a/aura_vibe_frontend/src'

ERROR in ./src/App.js 18:0-54
Module not found: Error: Can't resolve './pages/stories/StoriesPage' in '/home/kavia/workspace/code-generation/auravibe-35535-44ed5a5a/aura_vibe_frontend/src'

ERROR in ./src/App.js 19:0-42
Module not found: Error: Can't resolve './pages/dms/DMsPage' in '/home/kavia/workspace/code-generation/auravibe-35535-44ed5a5a/aura_vibe_frontend/src'

ERROR in ./src/App.js 20:0-66
Module not found: Error: Can't resolve './pages/admin/AdminDashboardPage' in '/home/kavia/workspace/code-generation/auravibe-35535-44ed5a5a/aura_vibe_frontend/src'

ERROR in ./src/App.js 21:0-58
Module not found: Error: Can't resolve './pages/audio/AudioReelsPage' in '/home/kavia/workspace/code-generation/auravibe-35535-44ed5a5a/aura_vibe_frontend/src'

ERROR in ./src/App.js 22:0-55
Module not found: Error: Can't resolve './pages/ai/AICaptionsPage' in '/home/kavia/workspace/code-generation/auravibe-35535-44ed5a5a/aura_vibe_frontend/src'

ERROR in ./src/App.js 23:0-65
Module not found: Error: Can't resolve './pages/schedule/PostSchedulePage' in '/home/kavia/workspace/code-generation/auravibe-35535-44ed5a5a/aura_vibe_frontend/src'

ERROR in ./src/App.js 24:0-48
Module not found: Error: Can't resolve './pages/NotFoundPage' in '/home/kavia/workspace/code-generation/auravibe-35535-44ed5a5a/aura_vibe_frontend/src'

webpack compiled with 19 errors
Compiling...
Failed to compile.

Module not found: Error: Can't resolve 'react-router-dom' in '/home/kavia/workspace/code-generation/auravibe-35535-44ed5a5a/aura_vibe_frontend/src'
ERROR in ./src/App.js 5:0-74
Module not found: Error: Can't resolve 'react-router-dom' in '/home/kavia/workspace/code-generation/auravibe-35535-44ed5a5a/aura_vibe_frontend/src'

ERROR in ./src/App.js 6:0-54
Module not found: Error: Can't resolve './contexts/AuthContext' in '/home/kavia/workspace/code-generation/auravibe-35535-44ed5a5a/aura_vibe_frontend/src'

ERROR in ./src/App.js 7:0-56
Module not found: Error: Can't resolve './contexts/ThemeContext' in '/home/kavia/workspace/code-generation/auravibe-35535-44ed5a5a/aura_vibe_frontend/src'

ERROR in ./src/App.js 10:0-47
Module not found: Error: Can't resolve './pages/auth/LoginPage' in '/home/kavia/workspace/code-generation/auravibe-35535-44ed5a5a/aura_vibe_frontend/src'

ERROR in ./src/App.js 11:0-53
Module not found: Error: Can't resolve './pages/auth/RegisterPage' in '/home/kavia/workspace/code-generation/auravibe-35535-44ed5a5a/aura_vibe_frontend/src'

ERROR in ./src/App.js 12:0-65
Module not found: Error: Can't resolve './pages/auth/ForgotPasswordPage' in '/home/kavia/workspace/code-generation/auravibe-35535-44ed5a5a/aura_vibe_frontend/src'

ERROR in ./src/App.js 13:0-45
Module not found: Error: Can't resolve './pages/feed/FeedPage' in '/home/kavia/workspace/code-generation/auravibe-35535-44ed5a5a/aura_vibe_frontend/src'

ERROR in ./src/App.js 14:0-54
Module not found: Error: Can't resolve './pages/explore/ExplorePage' in '/home/kavia/workspace/code-generation/auravibe-35535-44ed5a5a/aura_vibe_frontend/src'

ERROR in ./src/App.js 15:0-54
Module not found: Error: Can't resolve './pages/profile/ProfilePage' in '/home/kavia/workspace/code-generation/auravibe-35535-44ed5a5a/aura_vibe_frontend/src'

ERROR in ./src/App.js 16:0-62
Module not found: Error: Can't resolve './pages/profile/EditProfilePage' in '/home/kavia/workspace/code-generation/auravibe-35535-44ed5a5a/aura_vibe_frontend/src'

ERROR in ./src/App.js 17:0-72
Module not found: Error: Can't resolve './pages/notifications/NotificationsPage' in '/home/kavia/workspace/code-generation/auravibe-35535-44ed5a5a/aura_vibe_frontend/src'

ERROR in ./src/App.js 18:0-54
Module not found: Error: Can't resolve './pages/stories/StoriesPage' in '/home/kavia/workspace/code-generation/auravibe-35535-44ed5a5a/aura_vibe_frontend/src'

ERROR in ./src/App.js 19:0-42
Module not found: Error: Can't resolve './pages/dms/DMsPage' in '/home/kavia/workspace/code-generation/auravibe-35535-44ed5a5a/aura_vibe_frontend/src'

ERROR in ./src/App.js 20:0-66
Module not found: Error: Can't resolve './pages/admin/AdminDashboardPage' in '/home/kavia/workspace/code-generation/auravibe-35535-44ed5a5a/aura_vibe_frontend/src'

ERROR in ./src/App.js 21:0-58
Module not found: Error: Can't resolve './pages/audio/AudioReelsPage' in '/home/kavia/workspace/code-generation/auravibe-35535-44ed5a5a/aura_vibe_frontend/src'

ERROR in ./src/App.js 22:0-55
Module not found: Error: Can't resolve './pages/ai/AICaptionsPage' in '/home/kavia/workspace/code-generation/auravibe-35535-44ed5a5a/aura_vibe_frontend/src'

ERROR in ./src/App.js 23:0-65
Module not found: Error: Can't resolve './pages/schedule/PostSchedulePage' in '/home/kavia/workspace/code-generation/auravibe-35535-44ed5a5a/aura_vibe_frontend/src'

ERROR in ./src/App.js 24:0-48
Module not found: Error: Can't resolve './pages/NotFoundPage' in '/home/kavia/workspace/code-generation/auravibe-35535-44ed5a5a/aura_vibe_frontend/src'

ERROR in ./src/components/auth/RequireAuth.js 6:0-52
Module not found: Error: Can't resolve 'react-router-dom' in '/home/kavia/workspace/code-generation/auravibe-35535-44ed5a5a/aura_vibe_frontend/src/components/auth'

ERROR in ./src/components/auth/RequireAuth.js 7:0-53
Module not found: Error: Can't resolve '../../contexts/AuthContext' in '/home/kavia/workspace/code-generation/auravibe-35535-44ed5a5a/aura_vibe_frontend/src/components/auth'

ERROR in [eslint] 
src/components/auth/RequireAuth.js
  Line 8:30:  React Hook "useAuth" is called conditionally. React Hooks must be called in the exact same order in every component render  react-hooks/rules-of-hooks

Search for the keywords to learn more about each error.

webpack compiled with 21 errors
Compiling...
Failed to compile.

Module not found: Error: Can't resolve 'react-router-dom' in '/home/kavia/workspace/code-generation/auravibe-35535-44ed5a5a/aura_vibe_frontend/src'
ERROR in ./src/App.js 5:0-74
Module not found: Error: Can't resolve 'react-router-dom' in '/home/kavia/workspace/code-generation/auravibe-35535-44ed5a5a/aura_vibe_frontend/src'

ERROR in ./src/App.js 7:0-56
Module not found: Error: Can't resolve './contexts/ThemeContext' in '/home/kavia/workspace/code-generation/auravibe-35535-44ed5a5a/aura_vibe_frontend/src'

ERROR in ./src/App.js 10:0-47
Module not found: Error: Can't resolve './pages/auth/LoginPage' in '/home/kavia/workspace/code-generation/auravibe-35535-44ed5a5a/aura_vibe_frontend/src'

ERROR in ./src/App.js 11:0-53
Module not found: Error: Can't resolve './pages/auth/RegisterPage' in '/home/kavia/workspace/code-generation/auravibe-35535-44ed5a5a/aura_vibe_frontend/src'

ERROR in ./src/App.js 12:0-65
Module not found: Error: Can't resolve './pages/auth/ForgotPasswordPage' in '/home/kavia/workspace/code-generation/auravibe-35535-44ed5a5a/aura_vibe_frontend/src'

ERROR in ./src/App.js 13:0-45
Module not found: Error: Can't resolve './pages/feed/FeedPage' in '/home/kavia/workspace/code-generation/auravibe-35535-44ed5a5a/aura_vibe_frontend/src'

ERROR in ./src/App.js 14:0-54
Module not found: Error: Can't resolve './pages/explore/ExplorePage' in '/home/kavia/workspace/code-generation/auravibe-35535-44ed5a5a/aura_vibe_frontend/src'

ERROR in ./src/App.js 15:0-54
Module not found: Error: Can't resolve './pages/profile/ProfilePage' in '/home/kavia/workspace/code-generation/auravibe-35535-44ed5a5a/aura_vibe_frontend/src'

ERROR in ./src/App.js 16:0-62
Module not found: Error: Can't resolve './pages/profile/EditProfilePage' in '/home/kavia/workspace/code-generation/auravibe-35535-44ed5a5a/aura_vibe_frontend/src'

ERROR in ./src/App.js 17:0-72
Module not found: Error: Can't resolve './pages/notifications/NotificationsPage' in '/home/kavia/workspace/code-generation/auravibe-35535-44ed5a5a/aura_vibe_frontend/src'

ERROR in ./src/App.js 18:0-54
Module not found: Error: Can't resolve './pages/stories/StoriesPage' in '/home/kavia/workspace/code-generation/auravibe-35535-44ed5a5a/aura_vibe_frontend/src'

ERROR in ./src/App.js 19:0-42
Module not found: Error: Can't resolve './pages/dms/DMsPage' in '/home/kavia/workspace/code-generation/auravibe-35535-44ed5a5a/aura_vibe_frontend/src'

ERROR in ./src/App.js 20:0-66
Module not found: Error: Can't resolve './pages/admin/AdminDashboardPage' in '/home/kavia/workspace/code-generation/auravibe-35535-44ed5a5a/aura_vibe_frontend/src'

ERROR in ./src/App.js 21:0-58
Module not found: Error: Can't resolve './pages/audio/AudioReelsPage' in '/home/kavia/workspace/code-generation/auravibe-35535-44ed5a5a/aura_vibe_frontend/src'

ERROR in ./src/App.js 22:0-55
Module not found: Error: Can't resolve './pages/ai/AICaptionsPage' in '/home/kavia/workspace/code-generation/auravibe-35535-44ed5a5a/aura_vibe_frontend/src'

ERROR in ./src/App.js 23:0-65
Module not found: Error: Can't resolve './pages/schedule/PostSchedulePage' in '/home/kavia/workspace/code-generation/auravibe-35535-44ed5a5a/aura_vibe_frontend/src'

ERROR in ./src/App.js 24:0-48
Module not found: Error: Can't resolve './pages/NotFoundPage' in '/home/kavia/workspace/code-generation/auravibe-35535-44ed5a5a/aura_vibe_frontend/src'

ERROR in ./src/components/auth/RequireAuth.js 6:0-52
Module not found: Error: Can't resolve 'react-router-dom' in '/home/kavia/workspace/code-generation/auravibe-35535-44ed5a5a/aura_vibe_frontend/src/components/auth'

ERROR in [eslint] 
src/components/auth/RequireAuth.js
  Line 8:30:  React Hook "useAuth" is called conditionally. React Hooks must be called in the exact same order in every component render  react-hooks/rules-of-hooks

Search for the keywords to learn more about each error.

webpack compiled with 19 errors
Compiling...
Failed to compile.

Module not found: Error: Can't resolve 'react-router-dom' in '/home/kavia/workspace/code-generation/auravibe-35535-44ed5a5a/aura_vibe_frontend/src'
ERROR in ./src/App.js 5:0-74
Module not found: Error: Can't resolve 'react-router-dom' in '/home/kavia/workspace/code-generation/auravibe-35535-44ed5a5a/aura_vibe_frontend/src'

ERROR in ./src/App.js 10:0-47
Module not found: Error: Can't resolve './pages/auth/LoginPage' in '/home/kavia/workspace/code-generation/auravibe-35535-44ed5a5a/aura_vibe_frontend/src'

ERROR in ./src/App.js 11:0-53
Module not found: Error: Can't resolve './pages/auth/RegisterPage' in '/home/kavia/workspace/code-generation/auravibe-35535-44ed5a5a/aura_vibe_frontend/src'

ERROR in ./src/App.js 12:0-65
Module not found: Error: Can't resolve './pages/auth/ForgotPasswordPage' in '/home/kavia/workspace/code-generation/auravibe-35535-44ed5a5a/aura_vibe_frontend/src'

ERROR in ./src/App.js 13:0-45
Module not found: Error: Can't resolve './pages/feed/FeedPage' in '/home/kavia/workspace/code-generation/auravibe-35535-44ed5a5a/aura_vibe_frontend/src'

ERROR in ./src/App.js 14:0-54
Module not found: Error: Can't resolve './pages/explore/ExplorePage' in '/home/kavia/workspace/code-generation/auravibe-35535-44ed5a5a/aura_vibe_frontend/src'

ERROR in ./src/App.js 15:0-54
Module not found: Error: Can't resolve './pages/profile/ProfilePage' in '/home/kavia/workspace/code-generation/auravibe-35535-44ed5a5a/aura_vibe_frontend/src'

ERROR in ./src/App.js 16:0-62
Module not found: Error: Can't resolve './pages/profile/EditProfilePage' in '/home/kavia/workspace/code-generation/auravibe-35535-44ed5a5a/aura_vibe_frontend/src'

ERROR in ./src/App.js 17:0-72
Module not found: Error: Can't resolve './pages/notifications/NotificationsPage' in '/home/kavia/workspace/code-generation/auravibe-35535-44ed5a5a/aura_vibe_frontend/src'

ERROR in ./src/App.js 18:0-54
Module not found: Error: Can't resolve './pages/stories/StoriesPage' in '/home/kavia/workspace/code-generation/auravibe-35535-44ed5a5a/aura_vibe_frontend/src'

ERROR in ./src/App.js 19:0-42
Module not found: Error: Can't resolve './pages/dms/DMsPage' in '/home/kavia/workspace/code-generation/auravibe-35535-44ed5a5a/aura_vibe_frontend/src'

ERROR in ./src/App.js 20:0-66
Module not found: Error: Can't resolve './pages/admin/AdminDashboardPage' in '/home/kavia/workspace/code-generation/auravibe-35535-44ed5a5a/aura_vibe_frontend/src'

ERROR in ./src/App.js 21:0-58
Module not found: Error: Can't resolve './pages/audio/AudioReelsPage' in '/home/kavia/workspace/code-generation/auravibe-35535-44ed5a5a/aura_vibe_frontend/src'

ERROR in ./src/App.js 22:0-55
Module not found: Error: Can't resolve './pages/ai/AICaptionsPage' in '/home/kavia/workspace/code-generation/auravibe-35535-44ed5a5a/aura_vibe_frontend/src'

ERROR in ./src/App.js 23:0-65
Module not found: Error: Can't resolve './pages/schedule/PostSchedulePage' in '/home/kavia/workspace/code-generation/auravibe-35535-44ed5a5a/aura_vibe_frontend/src'

ERROR in ./src/App.js 24:0-48
Module not found: Error: Can't resolve './pages/NotFoundPage' in '/home/kavia/workspace/code-generation/auravibe-35535-44ed5a5a/aura_vibe_frontend/src'

ERROR in ./src/components/auth/RequireAuth.js 6:0-52
Module not found: Error: Can't resolve 'react-router-dom' in '/home/kavia/workspace/code-generation/auravibe-35535-44ed5a5a/aura_vibe_frontend/src/components/auth'

ERROR in [eslint] 
src/components/auth/RequireAuth.js
  Line 8:30:  React Hook "useAuth" is called conditionally. React Hooks must be called in the exact same order in every component render  react-hooks/rules-of-hooks

Search for the keywords to learn more about each error.

webpack compiled with 18 errors
Compiling...
Failed to compile.

Module not found: Error: Can't resolve 'react-router-dom' in '/home/kavia/workspace/code-generation/auravibe-35535-44ed5a5a/aura_vibe_frontend/src'
ERROR in ./src/App.js 5:0-74
Module not found: Error: Can't resolve 'react-router-dom' in '/home/kavia/workspace/code-generation/auravibe-35535-44ed5a5a/aura_vibe_frontend/src'

ERROR in ./src/App.js 11:0-53
Module not found: Error: Can't resolve './pages/auth/RegisterPage' in '/home/kavia/workspace/code-generation/auravibe-35535-44ed5a5a/aura_vibe_frontend/src'

ERROR in ./src/App.js 12:0-65
Module not found: Error: Can't resolve './pages/auth/ForgotPasswordPage' in '/home/kavia/workspace/code-generation/auravibe-35535-44ed5a5a/aura_vibe_frontend/src'

ERROR in ./src/App.js 13:0-45
Module not found: Error: Can't resolve './pages/feed/FeedPage' in '/home/kavia/workspace/code-generation/auravibe-35535-44ed5a5a/aura_vibe_frontend/src'

ERROR in ./src/App.js 14:0-54
Module not found: Error: Can't resolve './pages/explore/ExplorePage' in '/home/kavia/workspace/code-generation/auravibe-35535-44ed5a5a/aura_vibe_frontend/src'

ERROR in ./src/App.js 15:0-54
Module not found: Error: Can't resolve './pages/profile/ProfilePage' in '/home/kavia/workspace/code-generation/auravibe-35535-44ed5a5a/aura_vibe_frontend/src'

ERROR in ./src/App.js 16:0-62
Module not found: Error: Can't resolve './pages/profile/EditProfilePage' in '/home/kavia/workspace/code-generation/auravibe-35535-44ed5a5a/aura_vibe_frontend/src'

ERROR in ./src/App.js 17:0-72
Module not found: Error: Can't resolve './pages/notifications/NotificationsPage' in '/home/kavia/workspace/code-generation/auravibe-35535-44ed5a5a/aura_vibe_frontend/src'

ERROR in ./src/App.js 18:0-54
Module not found: Error: Can't resolve './pages/stories/StoriesPage' in '/home/kavia/workspace/code-generation/auravibe-35535-44ed5a5a/aura_vibe_frontend/src'

ERROR in ./src/App.js 19:0-42
Module not found: Error: Can't resolve './pages/dms/DMsPage' in '/home/kavia/workspace/code-generation/auravibe-35535-44ed5a5a/aura_vibe_frontend/src'

ERROR in ./src/App.js 20:0-66
Module not found: Error: Can't resolve './pages/admin/AdminDashboardPage' in '/home/kavia/workspace/code-generation/auravibe-35535-44ed5a5a/aura_vibe_frontend/src'

ERROR in ./src/App.js 21:0-58
Module not found: Error: Can't resolve './pages/audio/AudioReelsPage' in '/home/kavia/workspace/code-generation/auravibe-35535-44ed5a5a/aura_vibe_frontend/src'

ERROR in ./src/App.js 22:0-55
Module not found: Error: Can't resolve './pages/ai/AICaptionsPage' in '/home/kavia/workspace/code-generation/auravibe-35535-44ed5a5a/aura_vibe_frontend/src'

ERROR in ./src/App.js 23:0-65
Module not found: Error: Can't resolve './pages/schedule/PostSchedulePage' in '/home/kavia/workspace/code-generation/auravibe-35535-44ed5a5a/aura_vibe_frontend/src'

ERROR in ./src/App.js 24:0-48
Module not found: Error: Can't resolve './pages/NotFoundPage' in '/home/kavia/workspace/code-generation/auravibe-35535-44ed5a5a/aura_vibe_frontend/src'

ERROR in ./src/components/auth/RequireAuth.js 6:0-52
Module not found: Error: Can't resolve 'react-router-dom' in '/home/kavia/workspace/code-generation/auravibe-35535-44ed5a5a/aura_vibe_frontend/src/components/auth'

ERROR in [eslint] 
src/components/auth/RequireAuth.js
  Line 8:30:  React Hook "useAuth" is called conditionally. React Hooks must be called in the exact same order in every component render  react-hooks/rules-of-hooks

Search for the keywords to learn more about each error.

webpack compiled with 17 errors
Compiling...
Failed to compile.

Module not found: Error: Can't resolve 'react-router-dom' in '/home/kavia/workspace/code-generation/auravibe-35535-44ed5a5a/aura_vibe_frontend/src'
ERROR in ./src/App.js 5:0-74
Module not found: Error: Can't resolve 'react-router-dom' in '/home/kavia/workspace/code-generation/auravibe-35535-44ed5a5a/aura_vibe_frontend/src'

ERROR in ./src/App.js 12:0-65
Module not found: Error: Can't resolve './pages/auth/ForgotPasswordPage' in '/home/kavia/workspace/code-generation/auravibe-35535-44ed5a5a/aura_vibe_frontend/src'

ERROR in ./src/App.js 13:0-45
Module not found: Error: Can't resolve './pages/feed/FeedPage' in '/home/kavia/workspace/code-generation/auravibe-35535-44ed5a5a/aura_vibe_frontend/src'

ERROR in ./src/App.js 14:0-54
Module not found: Error: Can't resolve './pages/explore/ExplorePage' in '/home/kavia/workspace/code-generation/auravibe-35535-44ed5a5a/aura_vibe_frontend/src'

ERROR in ./src/App.js 15:0-54
Module not found: Error: Can't resolve './pages/profile/ProfilePage' in '/home/kavia/workspace/code-generation/auravibe-35535-44ed5a5a/aura_vibe_frontend/src'

ERROR in ./src/App.js 16:0-62
Module not found: Error: Can't resolve './pages/profile/EditProfilePage' in '/home/kavia/workspace/code-generation/auravibe-35535-44ed5a5a/aura_vibe_frontend/src'

ERROR in ./src/App.js 17:0-72
Module not found: Error: Can't resolve './pages/notifications/NotificationsPage' in '/home/kavia/workspace/code-generation/auravibe-35535-44ed5a5a/aura_vibe_frontend/src'

ERROR in ./src/App.js 18:0-54
Module not found: Error: Can't resolve './pages/stories/StoriesPage' in '/home/kavia/workspace/code-generation/auravibe-35535-44ed5a5a/aura_vibe_frontend/src'

ERROR in ./src/App.js 19:0-42
Module not found: Error: Can't resolve './pages/dms/DMsPage' in '/home/kavia/workspace/code-generation/auravibe-35535-44ed5a5a/aura_vibe_frontend/src'

ERROR in ./src/App.js 20:0-66
Module not found: Error: Can't resolve './pages/admin/AdminDashboardPage' in '/home/kavia/workspace/code-generation/auravibe-35535-44ed5a5a/aura_vibe_frontend/src'

ERROR in ./src/App.js 21:0-58
Module not found: Error: Can't resolve './pages/audio/AudioReelsPage' in '/home/kavia/workspace/code-generation/auravibe-35535-44ed5a5a/aura_vibe_frontend/src'

ERROR in ./src/App.js 22:0-55
Module not found: Error: Can't resolve './pages/ai/AICaptionsPage' in '/home/kavia/workspace/code-generation/auravibe-35535-44ed5a5a/aura_vibe_frontend/src'

ERROR in ./src/App.js 23:0-65
Module not found: Error: Can't resolve './pages/schedule/PostSchedulePage' in '/home/kavia/workspace/code-generation/auravibe-35535-44ed5a5a/aura_vibe_frontend/src'

ERROR in ./src/App.js 24:0-48
Module not found: Error: Can't resolve './pages/NotFoundPage' in '/home/kavia/workspace/code-generation/auravibe-35535-44ed5a5a/aura_vibe_frontend/src'

ERROR in ./src/components/auth/RequireAuth.js 6:0-52
Module not found: Error: Can't resolve 'react-router-dom' in '/home/kavia/workspace/code-generation/auravibe-35535-44ed5a5a/aura_vibe_frontend/src/components/auth'

ERROR in [eslint] 
src/components/auth/RequireAuth.js
  Line 8:30:  React Hook "useAuth" is called conditionally. React Hooks must be called in the exact same order in every component render  react-hooks/rules-of-hooks

Search for the keywords to learn more about each error.

webpack compiled with 16 errors
Compiling...
Failed to compile.

Module not found: Error: Can't resolve 'react-router-dom' in '/home/kavia/workspace/code-generation/auravibe-35535-44ed5a5a/aura_vibe_frontend/src'
ERROR in ./src/App.js 5:0-74
Module not found: Error: Can't resolve 'react-router-dom' in '/home/kavia/workspace/code-generation/auravibe-35535-44ed5a5a/aura_vibe_frontend/src'

ERROR in ./src/App.js 13:0-45
Module not found: Error: Can't resolve './pages/feed/FeedPage' in '/home/kavia/workspace/code-generation/auravibe-35535-44ed5a5a/aura_vibe_frontend/src'

ERROR in ./src/App.js 14:0-54
Module not found: Error: Can't resolve './pages/explore/ExplorePage' in '/home/kavia/workspace/code-generation/auravibe-35535-44ed5a5a/aura_vibe_frontend/src'

ERROR in ./src/App.js 15:0-54
Module not found: Error: Can't resolve './pages/profile/ProfilePage' in '/home/kavia/workspace/code-generation/auravibe-35535-44ed5a5a/aura_vibe_frontend/src'

ERROR in ./src/App.js 16:0-62
Module not found: Error: Can't resolve './pages/profile/EditProfilePage' in '/home/kavia/workspace/code-generation/auravibe-35535-44ed5a5a/aura_vibe_frontend/src'

ERROR in ./src/App.js 17:0-72
Module not found: Error: Can't resolve './pages/notifications/NotificationsPage' in '/home/kavia/workspace/code-generation/auravibe-35535-44ed5a5a/aura_vibe_frontend/src'

ERROR in ./src/App.js 18:0-54
Module not found: Error: Can't resolve './pages/stories/StoriesPage' in '/home/kavia/workspace/code-generation/auravibe-35535-44ed5a5a/aura_vibe_frontend/src'

ERROR in ./src/App.js 19:0-42
Module not found: Error: Can't resolve './pages/dms/DMsPage' in '/home/kavia/workspace/code-generation/auravibe-35535-44ed5a5a/aura_vibe_frontend/src'

ERROR in ./src/App.js 20:0-66
Module not found: Error: Can't resolve './pages/admin/AdminDashboardPage' in '/home/kavia/workspace/code-generation/auravibe-35535-44ed5a5a/aura_vibe_frontend/src'

ERROR in ./src/App.js 21:0-58
Module not found: Error: Can't resolve './pages/audio/AudioReelsPage' in '/home/kavia/workspace/code-generation/auravibe-35535-44ed5a5a/aura_vibe_frontend/src'

ERROR in ./src/App.js 22:0-55
Module not found: Error: Can't resolve './pages/ai/AICaptionsPage' in '/home/kavia/workspace/code-generation/auravibe-35535-44ed5a5a/aura_vibe_frontend/src'

ERROR in ./src/App.js 23:0-65
Module not found: Error: Can't resolve './pages/schedule/PostSchedulePage' in '/home/kavia/workspace/code-generation/auravibe-35535-44ed5a5a/aura_vibe_frontend/src'

ERROR in ./src/App.js 24:0-48
Module not found: Error: Can't resolve './pages/NotFoundPage' in '/home/kavia/workspace/code-generation/auravibe-35535-44ed5a5a/aura_vibe_frontend/src'

ERROR in ./src/components/auth/RequireAuth.js 6:0-52
Module not found: Error: Can't resolve 'react-router-dom' in '/home/kavia/workspace/code-generation/auravibe-35535-44ed5a5a/aura_vibe_frontend/src/components/auth'

ERROR in [eslint] 
src/components/auth/RequireAuth.js
  Line 8:30:  React Hook "useAuth" is called conditionally. React Hooks must be called in the exact same order in every component render  react-hooks/rules-of-hooks

Search for the keywords to learn more about each error.

webpack compiled with 15 errors
Compiling...
Failed to compile.

Module not found: Error: Can't resolve 'react-router-dom' in '/home/kavia/workspace/code-generation/auravibe-35535-44ed5a5a/aura_vibe_frontend/src'
ERROR in ./src/App.js 5:0-74
Module not found: Error: Can't resolve 'react-router-dom' in '/home/kavia/workspace/code-generation/auravibe-35535-44ed5a5a/aura_vibe_frontend/src'

ERROR in ./src/App.js 14:0-54
Module not found: Error: Can't resolve './pages/explore/ExplorePage' in '/home/kavia/workspace/code-generation/auravibe-35535-44ed5a5a/aura_vibe_frontend/src'

ERROR in ./src/App.js 15:0-54
Module not found: Error: Can't resolve './pages/profile/ProfilePage' in '/home/kavia/workspace/code-generation/auravibe-35535-44ed5a5a/aura_vibe_frontend/src'

ERROR in ./src/App.js 16:0-62
Module not found: Error: Can't resolve './pages/profile/EditProfilePage' in '/home/kavia/workspace/code-generation/auravibe-35535-44ed5a5a/aura_vibe_frontend/src'

ERROR in ./src/App.js 17:0-72
Module not found: Error: Can't resolve './pages/notifications/NotificationsPage' in '/home/kavia/workspace/code-generation/auravibe-35535-44ed5a5a/aura_vibe_frontend/src'

ERROR in ./src/App.js 18:0-54
Module not found: Error: Can't resolve './pages/stories/StoriesPage' in '/home/kavia/workspace/code-generation/auravibe-35535-44ed5a5a/aura_vibe_frontend/src'

ERROR in ./src/App.js 19:0-42
Module not found: Error: Can't resolve './pages/dms/DMsPage' in '/home/kavia/workspace/code-generation/auravibe-35535-44ed5a5a/aura_vibe_frontend/src'

ERROR in ./src/App.js 20:0-66
Module not found: Error: Can't resolve './pages/admin/AdminDashboardPage' in '/home/kavia/workspace/code-generation/auravibe-35535-44ed5a5a/aura_vibe_frontend/src'

ERROR in ./src/App.js 21:0-58
Module not found: Error: Can't resolve './pages/audio/AudioReelsPage' in '/home/kavia/workspace/code-generation/auravibe-35535-44ed5a5a/aura_vibe_frontend/src'

ERROR in ./src/App.js 22:0-55
Module not found: Error: Can't resolve './pages/ai/AICaptionsPage' in '/home/kavia/workspace/code-generation/auravibe-35535-44ed5a5a/aura_vibe_frontend/src'

ERROR in ./src/App.js 23:0-65
Module not found: Error: Can't resolve './pages/schedule/PostSchedulePage' in '/home/kavia/workspace/code-generation/auravibe-35535-44ed5a5a/aura_vibe_frontend/src'

ERROR in ./src/App.js 24:0-48
Module not found: Error: Can't resolve './pages/NotFoundPage' in '/home/kavia/workspace/code-generation/auravibe-35535-44ed5a5a/aura_vibe_frontend/src'

ERROR in ./src/components/auth/RequireAuth.js 6:0-52
Module not found: Error: Can't resolve 'react-router-dom' in '/home/kavia/workspace/code-generation/auravibe-35535-44ed5a5a/aura_vibe_frontend/src/components/auth'

ERROR in [eslint] 
src/components/auth/RequireAuth.js
  Line 8:30:  React Hook "useAuth" is called conditionally. React Hooks must be called in the exact same order in every component render  react-hooks/rules-of-hooks

Search for the keywords to learn more about each error.

webpack compiled with 14 errors
Compiling...
Failed to compile.

Module not found: Error: Can't resolve 'react-router-dom' in '/home/kavia/workspace/code-generation/auravibe-35535-44ed5a5a/aura_vibe_frontend/src'
ERROR in ./src/App.js 5:0-74
Module not found: Error: Can't resolve 'react-router-dom' in '/home/kavia/workspace/code-generation/auravibe-35535-44ed5a5a/aura_vibe_frontend/src'

ERROR in ./src/App.js 14:0-54
Module not found: Error: Can't resolve './pages/explore/ExplorePage' in '/home/kavia/workspace/code-generation/auravibe-35535-44ed5a5a/aura_vibe_frontend/src'

ERROR in ./src/App.js 16:0-62
Module not found: Error: Can't resolve './pages/profile/EditProfilePage' in '/home/kavia/workspace/code-generation/auravibe-35535-44ed5a5a/aura_vibe_frontend/src'

ERROR in ./src/App.js 17:0-72
Module not found: Error: Can't resolve './pages/notifications/NotificationsPage' in '/home/kavia/workspace/code-generation/auravibe-35535-44ed5a5a/aura_vibe_frontend/src'

ERROR in ./src/App.js 18:0-54
Module not found: Error: Can't resolve './pages/stories/StoriesPage' in '/home/kavia/workspace/code-generation/auravibe-35535-44ed5a5a/aura_vibe_frontend/src'

ERROR in ./src/App.js 19:0-42
Module not found: Error: Can't resolve './pages/dms/DMsPage' in '/home/kavia/workspace/code-generation/auravibe-35535-44ed5a5a/aura_vibe_frontend/src'

ERROR in ./src/App.js 20:0-66
Module not found: Error: Can't resolve './pages/admin/AdminDashboardPage' in '/home/kavia/workspace/code-generation/auravibe-35535-44ed5a5a/aura_vibe_frontend/src'

ERROR in ./src/App.js 21:0-58
Module not found: Error: Can't resolve './pages/audio/AudioReelsPage' in '/home/kavia/workspace/code-generation/auravibe-35535-44ed5a5a/aura_vibe_frontend/src'

ERROR in ./src/App.js 22:0-55
Module not found: Error: Can't resolve './pages/ai/AICaptionsPage' in '/home/kavia/workspace/code-generation/auravibe-35535-44ed5a5a/aura_vibe_frontend/src'

ERROR in ./src/App.js 23:0-65
Module not found: Error: Can't resolve './pages/schedule/PostSchedulePage' in '/home/kavia/workspace/code-generation/auravibe-35535-44ed5a5a/aura_vibe_frontend/src'

ERROR in ./src/App.js 24:0-48
Module not found: Error: Can't resolve './pages/NotFoundPage' in '/home/kavia/workspace/code-generation/auravibe-35535-44ed5a5a/aura_vibe_frontend/src'

ERROR in ./src/components/auth/RequireAuth.js 6:0-52
Module not found: Error: Can't resolve 'react-router-dom' in '/home/kavia/workspace/code-generation/auravibe-35535-44ed5a5a/aura_vibe_frontend/src/components/auth'

ERROR in [eslint] 
src/components/auth/RequireAuth.js
  Line 8:30:  React Hook "useAuth" is called conditionally. React Hooks must be called in the exact same order in every component render  react-hooks/rules-of-hooks

Search for the keywords to learn more about each error.

webpack compiled with 13 errors
Compiling...
Failed to compile.

Module not found: Error: Can't resolve 'react-router-dom' in '/home/kavia/workspace/code-generation/auravibe-35535-44ed5a5a/aura_vibe_frontend/src'
ERROR in ./src/App.js 5:0-74
Module not found: Error: Can't resolve 'react-router-dom' in '/home/kavia/workspace/code-generation/auravibe-35535-44ed5a5a/aura_vibe_frontend/src'

ERROR in ./src/App.js 14:0-54
Module not found: Error: Can't resolve './pages/explore/ExplorePage' in '/home/kavia/workspace/code-generation/auravibe-35535-44ed5a5a/aura_vibe_frontend/src'

ERROR in ./src/App.js 17:0-72
Module not found: Error: Can't resolve './pages/notifications/NotificationsPage' in '/home/kavia/workspace/code-generation/auravibe-35535-44ed5a5a/aura_vibe_frontend/src'

ERROR in ./src/App.js 18:0-54
Module not found: Error: Can't resolve './pages/stories/StoriesPage' in '/home/kavia/workspace/code-generation/auravibe-35535-44ed5a5a/aura_vibe_frontend/src'

ERROR in ./src/App.js 19:0-42
Module not found: Error: Can't resolve './pages/dms/DMsPage' in '/home/kavia/workspace/code-generation/auravibe-35535-44ed5a5a/aura_vibe_frontend/src'

ERROR in ./src/App.js 20:0-66
Module not found: Error: Can't resolve './pages/admin/AdminDashboardPage' in '/home/kavia/workspace/code-generation/auravibe-35535-44ed5a5a/aura_vibe_frontend/src'

ERROR in ./src/App.js 21:0-58
Module not found: Error: Can't resolve './pages/audio/AudioReelsPage' in '/home/kavia/workspace/code-generation/auravibe-35535-44ed5a5a/aura_vibe_frontend/src'

ERROR in ./src/App.js 22:0-55
Module not found: Error: Can't resolve './pages/ai/AICaptionsPage' in '/home/kavia/workspace/code-generation/auravibe-35535-44ed5a5a/aura_vibe_frontend/src'

ERROR in ./src/App.js 23:0-65
Module not found: Error: Can't resolve './pages/schedule/PostSchedulePage' in '/home/kavia/workspace/code-generation/auravibe-35535-44ed5a5a/aura_vibe_frontend/src'

ERROR in ./src/App.js 24:0-48
Module not found: Error: Can't resolve './pages/NotFoundPage' in '/home/kavia/workspace/code-generation/auravibe-35535-44ed5a5a/aura_vibe_frontend/src'

ERROR in ./src/components/auth/RequireAuth.js 6:0-52
Module not found: Error: Can't resolve 'react-router-dom' in '/home/kavia/workspace/code-generation/auravibe-35535-44ed5a5a/aura_vibe_frontend/src/components/auth'

ERROR in [eslint] 
src/components/auth/RequireAuth.js
  Line 8:30:  React Hook "useAuth" is called conditionally. React Hooks must be called in the exact same order in every component render  react-hooks/rules-of-hooks

Search for the keywords to learn more about each error.

webpack compiled with 12 errors
Compiling...
Failed to compile.

Module not found: Error: Can't resolve 'react-router-dom' in '/home/kavia/workspace/code-generation/auravibe-35535-44ed5a5a/aura_vibe_frontend/src'
ERROR in ./src/App.js 5:0-74
Module not found: Error: Can't resolve 'react-router-dom' in '/home/kavia/workspace/code-generation/auravibe-35535-44ed5a5a/aura_vibe_frontend/src'

ERROR in ./src/App.js 17:0-72
Module not found: Error: Can't resolve './pages/notifications/NotificationsPage' in '/home/kavia/workspace/code-generation/auravibe-35535-44ed5a5a/aura_vibe_frontend/src'

ERROR in ./src/App.js 18:0-54
Module not found: Error: Can't resolve './pages/stories/StoriesPage' in '/home/kavia/workspace/code-generation/auravibe-35535-44ed5a5a/aura_vibe_frontend/src'

ERROR in ./src/App.js 19:0-42
Module not found: Error: Can't resolve './pages/dms/DMsPage' in '/home/kavia/workspace/code-generation/auravibe-35535-44ed5a5a/aura_vibe_frontend/src'

ERROR in ./src/App.js 20:0-66
Module not found: Error: Can't resolve './pages/admin/AdminDashboardPage' in '/home/kavia/workspace/code-generation/auravibe-35535-44ed5a5a/aura_vibe_frontend/src'

ERROR in ./src/App.js 21:0-58
Module not found: Error: Can't resolve './pages/audio/AudioReelsPage' in '/home/kavia/workspace/code-generation/auravibe-35535-44ed5a5a/aura_vibe_frontend/src'

ERROR in ./src/App.js 22:0-55
Module not found: Error: Can't resolve './pages/ai/AICaptionsPage' in '/home/kavia/workspace/code-generation/auravibe-35535-44ed5a5a/aura_vibe_frontend/src'

ERROR in ./src/App.js 23:0-65
Module not found: Error: Can't resolve './pages/schedule/PostSchedulePage' in '/home/kavia/workspace/code-generation/auravibe-35535-44ed5a5a/aura_vibe_frontend/src'

ERROR in ./src/App.js 24:0-48
Module not found: Error: Can't resolve './pages/NotFoundPage' in '/home/kavia/workspace/code-generation/auravibe-35535-44ed5a5a/aura_vibe_frontend/src'

ERROR in ./src/components/auth/RequireAuth.js 6:0-52
Module not found: Error: Can't resolve 'react-router-dom' in '/home/kavia/workspace/code-generation/auravibe-35535-44ed5a5a/aura_vibe_frontend/src/components/auth'

ERROR in [eslint] 
src/components/auth/RequireAuth.js
  Line 8:30:  React Hook "useAuth" is called conditionally. React Hooks must be called in the exact same order in every component render  react-hooks/rules-of-hooks

Search for the keywords to learn more about each error.

webpack compiled with 11 errors
Compiling...
Failed to compile.

Module not found: Error: Can't resolve 'react-router-dom' in '/home/kavia/workspace/code-generation/auravibe-35535-44ed5a5a/aura_vibe_frontend/src'
ERROR in ./src/App.js 5:0-74
Module not found: Error: Can't resolve 'react-router-dom' in '/home/kavia/workspace/code-generation/auravibe-35535-44ed5a5a/aura_vibe_frontend/src'

ERROR in ./src/App.js 18:0-54
Module not found: Error: Can't resolve './pages/stories/StoriesPage' in '/home/kavia/workspace/code-generation/auravibe-35535-44ed5a5a/aura_vibe_frontend/src'

ERROR in ./src/App.js 19:0-42
Module not found: Error: Can't resolve './pages/dms/DMsPage' in '/home/kavia/workspace/code-generation/auravibe-35535-44ed5a5a/aura_vibe_frontend/src'

ERROR in ./src/App.js 20:0-66
Module not found: Error: Can't resolve './pages/admin/AdminDashboardPage' in '/home/kavia/workspace/code-generation/auravibe-35535-44ed5a5a/aura_vibe_frontend/src'

ERROR in ./src/App.js 21:0-58
Module not found: Error: Can't resolve './pages/audio/AudioReelsPage' in '/home/kavia/workspace/code-generation/auravibe-35535-44ed5a5a/aura_vibe_frontend/src'

ERROR in ./src/App.js 22:0-55
Module not found: Error: Can't resolve './pages/ai/AICaptionsPage' in '/home/kavia/workspace/code-generation/auravibe-35535-44ed5a5a/aura_vibe_frontend/src'

ERROR in ./src/App.js 23:0-65
Module not found: Error: Can't resolve './pages/schedule/PostSchedulePage' in '/home/kavia/workspace/code-generation/auravibe-35535-44ed5a5a/aura_vibe_frontend/src'

ERROR in ./src/App.js 24:0-48
Module not found: Error: Can't resolve './pages/NotFoundPage' in '/home/kavia/workspace/code-generation/auravibe-35535-44ed5a5a/aura_vibe_frontend/src'

ERROR in ./src/components/auth/RequireAuth.js 6:0-52
Module not found: Error: Can't resolve 'react-router-dom' in '/home/kavia/workspace/code-generation/auravibe-35535-44ed5a5a/aura_vibe_frontend/src/components/auth'

ERROR in [eslint] 
src/components/auth/RequireAuth.js
  Line 8:30:  React Hook "useAuth" is called conditionally. React Hooks must be called in the exact same order in every component render  react-hooks/rules-of-hooks

Search for the keywords to learn more about each error.

webpack compiled with 10 errors
Compiling...
Failed to compile.

Module not found: Error: Can't resolve 'react-router-dom' in '/home/kavia/workspace/code-generation/auravibe-35535-44ed5a5a/aura_vibe_frontend/src'
ERROR in ./src/App.js 5:0-74
Module not found: Error: Can't resolve 'react-router-dom' in '/home/kavia/workspace/code-generation/auravibe-35535-44ed5a5a/aura_vibe_frontend/src'

ERROR in ./src/App.js 19:0-42
Module not found: Error: Can't resolve './pages/dms/DMsPage' in '/home/kavia/workspace/code-generation/auravibe-35535-44ed5a5a/aura_vibe_frontend/src'

ERROR in ./src/App.js 20:0-66
Module not found: Error: Can't resolve './pages/admin/AdminDashboardPage' in '/home/kavia/workspace/code-generation/auravibe-35535-44ed5a5a/aura_vibe_frontend/src'

ERROR in ./src/App.js 21:0-58
Module not found: Error: Can't resolve './pages/audio/AudioReelsPage' in '/home/kavia/workspace/code-generation/auravibe-35535-44ed5a5a/aura_vibe_frontend/src'

ERROR in ./src/App.js 22:0-55
Module not found: Error: Can't resolve './pages/ai/AICaptionsPage' in '/home/kavia/workspace/code-generation/auravibe-35535-44ed5a5a/aura_vibe_frontend/src'

ERROR in ./src/App.js 23:0-65
Module not found: Error: Can't resolve './pages/schedule/PostSchedulePage' in '/home/kavia/workspace/code-generation/auravibe-35535-44ed5a5a/aura_vibe_frontend/src'

ERROR in ./src/App.js 24:0-48
Module not found: Error: Can't resolve './pages/NotFoundPage' in '/home/kavia/workspace/code-generation/auravibe-35535-44ed5a5a/aura_vibe_frontend/src'

ERROR in ./src/components/auth/RequireAuth.js 6:0-52
Module not found: Error: Can't resolve 'react-router-dom' in '/home/kavia/workspace/code-generation/auravibe-35535-44ed5a5a/aura_vibe_frontend/src/components/auth'

ERROR in [eslint] 
src/components/auth/RequireAuth.js
  Line 8:30:  React Hook "useAuth" is called conditionally. React Hooks must be called in the exact same order in every component render  react-hooks/rules-of-hooks

Search for the keywords to learn more about each error.

webpack compiled with 9 errors
Compiling...
Failed to compile.

Module not found: Error: Can't resolve 'react-router-dom' in '/home/kavia/workspace/code-generation/auravibe-35535-44ed5a5a/aura_vibe_frontend/src'
ERROR in ./src/App.js 5:0-74
Module not found: Error: Can't resolve 'react-router-dom' in '/home/kavia/workspace/code-generation/auravibe-35535-44ed5a5a/aura_vibe_frontend/src'

ERROR in ./src/App.js 20:0-66
Module not found: Error: Can't resolve './pages/admin/AdminDashboardPage' in '/home/kavia/workspace/code-generation/auravibe-35535-44ed5a5a/aura_vibe_frontend/src'

ERROR in ./src/App.js 21:0-58
Module not found: Error: Can't resolve './pages/audio/AudioReelsPage' in '/home/kavia/workspace/code-generation/auravibe-35535-44ed5a5a/aura_vibe_frontend/src'

ERROR in ./src/App.js 22:0-55
Module not found: Error: Can't resolve './pages/ai/AICaptionsPage' in '/home/kavia/workspace/code-generation/auravibe-35535-44ed5a5a/aura_vibe_frontend/src'

ERROR in ./src/App.js 23:0-65
Module not found: Error: Can't resolve './pages/schedule/PostSchedulePage' in '/home/kavia/workspace/code-generation/auravibe-35535-44ed5a5a/aura_vibe_frontend/src'

ERROR in ./src/App.js 24:0-48
Module not found: Error: Can't resolve './pages/NotFoundPage' in '/home/kavia/workspace/code-generation/auravibe-35535-44ed5a5a/aura_vibe_frontend/src'

ERROR in ./src/components/auth/RequireAuth.js 6:0-52
Module not found: Error: Can't resolve 'react-router-dom' in '/home/kavia/workspace/code-generation/auravibe-35535-44ed5a5a/aura_vibe_frontend/src/components/auth'

ERROR in [eslint] 
src/components/auth/RequireAuth.js
  Line 8:30:  React Hook "useAuth" is called conditionally. React Hooks must be called in the exact same order in every component render  react-hooks/rules-of-hooks

Search for the keywords to learn more about each error.

webpack compiled with 8 errors
Compiling...
Failed to compile.

Module not found: Error: Can't resolve 'react-router-dom' in '/home/kavia/workspace/code-generation/auravibe-35535-44ed5a5a/aura_vibe_frontend/src'
ERROR in ./src/App.js 5:0-74
Module not found: Error: Can't resolve 'react-router-dom' in '/home/kavia/workspace/code-generation/auravibe-35535-44ed5a5a/aura_vibe_frontend/src'

ERROR in ./src/App.js 21:0-58
Module not found: Error: Can't resolve './pages/audio/AudioReelsPage' in '/home/kavia/workspace/code-generation/auravibe-35535-44ed5a5a/aura_vibe_frontend/src'

ERROR in ./src/App.js 22:0-55
Module not found: Error: Can't resolve './pages/ai/AICaptionsPage' in '/home/kavia/workspace/code-generation/auravibe-35535-44ed5a5a/aura_vibe_frontend/src'

ERROR in ./src/App.js 23:0-65
Module not found: Error: Can't resolve './pages/schedule/PostSchedulePage' in '/home/kavia/workspace/code-generation/auravibe-35535-44ed5a5a/aura_vibe_frontend/src'

ERROR in ./src/App.js 24:0-48
Module not found: Error: Can't resolve './pages/NotFoundPage' in '/home/kavia/workspace/code-generation/auravibe-35535-44ed5a5a/aura_vibe_frontend/src'

ERROR in ./src/components/auth/RequireAuth.js 6:0-52
Module not found: Error: Can't resolve 'react-router-dom' in '/home/kavia/workspace/code-generation/auravibe-35535-44ed5a5a/aura_vibe_frontend/src/components/auth'

ERROR in [eslint] 
src/components/auth/RequireAuth.js
  Line 8:30:  React Hook "useAuth" is called conditionally. React Hooks must be called in the exact same order in every component render  react-hooks/rules-of-hooks

Search for the keywords to learn more about each error.

webpack compiled with 7 errors
Compiling...
Failed to compile.

Module not found: Error: Can't resolve 'react-router-dom' in '/home/kavia/workspace/code-generation/auravibe-35535-44ed5a5a/aura_vibe_frontend/src'
ERROR in ./src/App.js 5:0-74
Module not found: Error: Can't resolve 'react-router-dom' in '/home/kavia/workspace/code-generation/auravibe-35535-44ed5a5a/aura_vibe_frontend/src'

ERROR in ./src/App.js 22:0-55
Module not found: Error: Can't resolve './pages/ai/AICaptionsPage' in '/home/kavia/workspace/code-generation/auravibe-35535-44ed5a5a/aura_vibe_frontend/src'

ERROR in ./src/App.js 23:0-65
Module not found: Error: Can't resolve './pages/schedule/PostSchedulePage' in '/home/kavia/workspace/code-generation/auravibe-35535-44ed5a5a/aura_vibe_frontend/src'

ERROR in ./src/App.js 24:0-48
Module not found: Error: Can't resolve './pages/NotFoundPage' in '/home/kavia/workspace/code-generation/auravibe-35535-44ed5a5a/aura_vibe_frontend/src'

ERROR in ./src/components/auth/RequireAuth.js 6:0-52
Module not found: Error: Can't resolve 'react-router-dom' in '/home/kavia/workspace/code-generation/auravibe-35535-44ed5a5a/aura_vibe_frontend/src/components/auth'

ERROR in [eslint] 
src/components/auth/RequireAuth.js
  Line 8:30:  React Hook "useAuth" is called conditionally. React Hooks must be called in the exact same order in every component render  react-hooks/rules-of-hooks

Search for the keywords to learn more about each error.

webpack compiled with 6 errors
Compiling...
Failed to compile.

Module not found: Error: Can't resolve 'react-router-dom' in '/home/kavia/workspace/code-generation/auravibe-35535-44ed5a5a/aura_vibe_frontend/src'
ERROR in ./src/App.js 5:0-74
Module not found: Error: Can't resolve 'react-router-dom' in '/home/kavia/workspace/code-generation/auravibe-35535-44ed5a5a/aura_vibe_frontend/src'

ERROR in ./src/App.js 23:0-65
Module not found: Error: Can't resolve './pages/schedule/PostSchedulePage' in '/home/kavia/workspace/code-generation/auravibe-35535-44ed5a5a/aura_vibe_frontend/src'

ERROR in ./src/App.js 24:0-48
Module not found: Error: Can't resolve './pages/NotFoundPage' in '/home/kavia/workspace/code-generation/auravibe-35535-44ed5a5a/aura_vibe_frontend/src'

ERROR in ./src/components/auth/RequireAuth.js 6:0-52
Module not found: Error: Can't resolve 'react-router-dom' in '/home/kavia/workspace/code-generation/auravibe-35535-44ed5a5a/aura_vibe_frontend/src/components/auth'

ERROR in [eslint] 
src/components/auth/RequireAuth.js
  Line 8:30:  React Hook "useAuth" is called conditionally. React Hooks must be called in the exact same order in every component render  react-hooks/rules-of-hooks

Search for the keywords to learn more about each error.

webpack compiled with 5 errors
Compiling...
Failed to compile.

Module not found: Error: Can't resolve 'react-router-dom' in '/home/kavia/workspace/code-generation/auravibe-35535-44ed5a5a/aura_vibe_frontend/src'
ERROR in ./src/App.js 5:0-74
Module not found: Error: Can't resolve 'react-router-dom' in '/home/kavia/workspace/code-generation/auravibe-35535-44ed5a5a/aura_vibe_frontend/src'

ERROR in ./src/App.js 24:0-48
Module not found: Error: Can't resolve './pages/NotFoundPage' in '/home/kavia/workspace/code-generation/auravibe-35535-44ed5a5a/aura_vibe_frontend/src'

ERROR in ./src/components/auth/RequireAuth.js 6:0-52
Module not found: Error: Can't resolve 'react-router-dom' in '/home/kavia/workspace/code-generation/auravibe-35535-44ed5a5a/aura_vibe_frontend/src/components/auth'

ERROR in [eslint] 
src/components/auth/RequireAuth.js
  Line 8:30:  React Hook "useAuth" is called conditionally. React Hooks must be called in the exact same order in every component render  react-hooks/rules-of-hooks

Search for the keywords to learn more about each error.

webpack compiled with 4 errors
Compiling...
Failed to compile.

Module not found: Error: Can't resolve 'react-router-dom' in '/home/kavia/workspace/code-generation/auravibe-35535-44ed5a5a/aura_vibe_frontend/src'
ERROR in ./src/App.js 5:0-74
Module not found: Error: Can't resolve 'react-router-dom' in '/home/kavia/workspace/code-generation/auravibe-35535-44ed5a5a/aura_vibe_frontend/src'

ERROR in ./src/components/auth/RequireAuth.js 6:0-52
Module not found: Error: Can't resolve 'react-router-dom' in '/home/kavia/workspace/code-generation/auravibe-35535-44ed5a5a/aura_vibe_frontend/src/components/auth'

ERROR in [eslint] 
src/components/auth/RequireAuth.js
  Line 8:30:  React Hook "useAuth" is called conditionally. React Hooks must be called in the exact same order in every component render  react-hooks/rules-of-hooks

Search for the keywords to learn more about each error.

webpack compiled with 3 errors
Compiling...
Failed to compile.

Module not found: Error: Can't resolve 'react-router-dom' in '/home/kavia/workspace/code-generation/auravibe-35535-44ed5a5a/aura_vibe_frontend/src'
LOG from webpack.FileSystemInfo
<w> Managed item /home/kavia/workspace/code-generation/auravibe-35535-44ed5a5a/aura_vibe_frontend/node_modules/react-router-dom isn't a directory or doesn't contain a package.json (see snapshot.managedPaths option)
+ 13 hidden lines

ERROR in ./src/App.js 5:0-74
Module not found: Error: Can't resolve 'react-router-dom' in '/home/kavia/workspace/code-generation/auravibe-35535-44ed5a5a/aura_vibe_frontend/src'

ERROR in ./src/components/auth/RequireAuth.js 6:0-52
Module not found: Error: Can't resolve 'react-router-dom' in '/home/kavia/workspace/code-generation/auravibe-35535-44ed5a5a/aura_vibe_frontend/src/components/auth'

ERROR in [eslint] 
src/components/auth/RequireAuth.js
  Line 8:30:  React Hook "useAuth" is called conditionally. React Hooks must be called in the exact same order in every component render  react-hooks/rules-of-hooks

Search for the keywords to learn more about each error.

webpack compiled with 3 errors
Compiling...
Failed to compile.

Attempted import error: 'BrowserRouter' is not exported from 'react-router-dom' (imported as 'Router').
LOG from webpack.FileSystemInfo
<w> Managed item /home/kavia/workspace/code-generation/auravibe-35535-44ed5a5a/aura_vibe_frontend/node_modules/react-router isn't a directory or doesn't contain a package.json (see snapshot.managedPaths option)
+ 13 hidden lines

ERROR in ./src/App.js 27:30-36
export 'BrowserRouter' (imported as 'Router') was not found in 'react-router-dom' (module has no exports)

ERROR in ./src/App.js 31:41-47
export 'Routes' (imported as 'Routes') was not found in 'react-router-dom' (module has no exports)

ERROR in ./src/App.js 32:44-49
export 'Route' (imported as 'Route') was not found in 'react-router-dom' (module has no exports)

ERROR in ./src/App.js 43:43-48
export 'Route' (imported as 'Route') was not found in 'react-router-dom' (module has no exports)

ERROR in ./src/App.js 54:43-48
export 'Route' (imported as 'Route') was not found in 'react-router-dom' (module has no exports)

ERROR in ./src/App.js 65:43-48
export 'Route' (imported as 'Route') was not found in 'react-router-dom' (module has no exports)

ERROR in ./src/App.js 71:46-51
export 'Route' (imported as 'Route') was not found in 'react-router-dom' (module has no exports)

ERROR in ./src/App.js 82:45-50
export 'Route' (imported as 'Route') was not found in 'react-router-dom' (module has no exports)

ERROR in ./src/App.js 93:45-50
export 'Route' (imported as 'Route') was not found in 'react-router-dom' (module has no exports)

ERROR in ./src/App.js 104:45-50
export 'Route' (imported as 'Route') was not found in 'react-router-dom' (module has no exports)

ERROR in ./src/App.js 115:45-50
export 'Route' (imported as 'Route') was not found in 'react-router-dom' (module has no exports)

ERROR in ./src/App.js 126:45-50
export 'Route' (imported as 'Route') was not found in 'react-router-dom' (module has no exports)

ERROR in ./src/App.js 137:45-50
export 'Route' (imported as 'Route') was not found in 'react-router-dom' (module has no exports)

ERROR in ./src/App.js 148:45-50
export 'Route' (imported as 'Route') was not found in 'react-router-dom' (module has no exports)

ERROR in ./src/App.js 159:45-50
export 'Route' (imported as 'Route') was not found in 'react-router-dom' (module has no exports)

ERROR in ./src/App.js 170:45-50
export 'Route' (imported as 'Route') was not found in 'react-router-dom' (module has no exports)

ERROR in ./src/App.js 181:45-50
export 'Route' (imported as 'Route') was not found in 'react-router-dom' (module has no exports)

ERROR in ./src/App.js 197:43-48
export 'Route' (imported as 'Route') was not found in 'react-router-dom' (module has no exports)

ERROR in ./src/components/auth/RequireAuth.js 21:41-49
export 'Navigate' (imported as 'Navigate') was not found in 'react-router-dom' (module has no exports)

ERROR in ./src/components/auth/RequireAuth.js 28:52-58
export 'Outlet' (imported as 'Outlet') was not found in 'react-router-dom' (module has no exports)

ERROR in ./node_modules/react-router-dom/dist/index.mjs 13:0-66
Module not found: Error: Can't resolve 'react-router/dom' in '/home/kavia/workspace/code-generation/auravibe-35535-44ed5a5a/aura_vibe_frontend/node_modules/react-router-dom/dist'

ERROR in ./node_modules/react-router-dom/dist/index.mjs 14:0-29
Module not found: Error: Can't resolve 'react-router' in '/home/kavia/workspace/code-generation/auravibe-35535-44ed5a5a/aura_vibe_frontend/node_modules/react-router-dom/dist'

ERROR in [eslint] 
src/components/auth/RequireAuth.js
  Line 8:30:  React Hook "useAuth" is called conditionally. React Hooks must be called in the exact same order in every component render  react-hooks/rules-of-hooks

Search for the keywords to learn more about each error.

webpack compiled with 23 errors
Compiling...
Failed to compile.

Attempted import error: 'BrowserRouter' is not exported from 'react-router-dom' (imported as 'Router').
ERROR in ./src/App.js 27:30-36
export 'BrowserRouter' (imported as 'Router') was not found in 'react-router-dom' (module has no exports)

ERROR in ./src/App.js 31:41-47
export 'Routes' (imported as 'Routes') was not found in 'react-router-dom' (module has no exports)

ERROR in ./src/App.js 32:44-49
export 'Route' (imported as 'Route') was not found in 'react-router-dom' (module has no exports)

ERROR in ./src/App.js 43:43-48
export 'Route' (imported as 'Route') was not found in 'react-router-dom' (module has no exports)

ERROR in ./src/App.js 54:43-48
export 'Route' (imported as 'Route') was not found in 'react-router-dom' (module has no exports)

ERROR in ./src/App.js 65:43-48
export 'Route' (imported as 'Route') was not found in 'react-router-dom' (module has no exports)

ERROR in ./src/App.js 71:46-51
export 'Route' (imported as 'Route') was not found in 'react-router-dom' (module has no exports)

ERROR in ./src/App.js 82:45-50
export 'Route' (imported as 'Route') was not found in 'react-router-dom' (module has no exports)

ERROR in ./src/App.js 93:45-50
export 'Route' (imported as 'Route') was not found in 'react-router-dom' (module has no exports)

ERROR in ./src/App.js 104:45-50
export 'Route' (imported as 'Route') was not found in 'react-router-dom' (module has no exports)

ERROR in ./src/App.js 115:45-50
export 'Route' (imported as 'Route') was not found in 'react-router-dom' (module has no exports)

ERROR in ./src/App.js 126:45-50
export 'Route' (imported as 'Route') was not found in 'react-router-dom' (module has no exports)

ERROR in ./src/App.js 137:45-50
export 'Route' (imported as 'Route') was not found in 'react-router-dom' (module has no exports)

ERROR in ./src/App.js 148:45-50
export 'Route' (imported as 'Route') was not found in 'react-router-dom' (module has no exports)

ERROR in ./src/App.js 159:45-50
export 'Route' (imported as 'Route') was not found in 'react-router-dom' (module has no exports)

ERROR in ./src/App.js 170:45-50
export 'Route' (imported as 'Route') was not found in 'react-router-dom' (module has no exports)

ERROR in ./src/App.js 181:45-50
export 'Route' (imported as 'Route') was not found in 'react-router-dom' (module has no exports)

ERROR in ./src/App.js 197:43-48
export 'Route' (imported as 'Route') was not found in 'react-router-dom' (module has no exports)

ERROR in ./src/components/auth/RequireAuth.js 21:41-49
export 'Navigate' (imported as 'Navigate') was not found in 'react-router-dom' (module has no exports)

ERROR in ./src/components/auth/RequireAuth.js 28:52-58
export 'Outlet' (imported as 'Outlet') was not found in 'react-router-dom' (module has no exports)

ERROR in [eslint] 
src/components/auth/RequireAuth.js
  Line 8:30:  React Hook "useAuth" is called conditionally. React Hooks must be called in the exact same order in every component render  react-hooks/rules-of-hooks

Search for the keywords to learn more about each error.

webpack compiled with 21 errors
Compiling...
Failed to compile.

Attempted import error: 'BrowserRouter' is not exported from 'react-router-dom' (imported as 'Router').
ERROR in ./src/App.js 27:30-36
export 'BrowserRouter' (imported as 'Router') was not found in 'react-router-dom' (module has no exports)

ERROR in ./src/App.js 31:41-47
export 'Routes' (imported as 'Routes') was not found in 'react-router-dom' (module has no exports)

ERROR in ./src/App.js 32:44-49
export 'Route' (imported as 'Route') was not found in 'react-router-dom' (module has no exports)

ERROR in ./src/App.js 43:43-48
export 'Route' (imported as 'Route') was not found in 'react-router-dom' (module has no exports)

ERROR in ./src/App.js 54:43-48
export 'Route' (imported as 'Route') was not found in 'react-router-dom' (module has no exports)

ERROR in ./src/App.js 65:43-48
export 'Route' (imported as 'Route') was not found in 'react-router-dom' (module has no exports)

ERROR in ./src/App.js 71:46-51
export 'Route' (imported as 'Route') was not found in 'react-router-dom' (module has no exports)

ERROR in ./src/App.js 82:45-50
export 'Route' (imported as 'Route') was not found in 'react-router-dom' (module has no exports)

ERROR in ./src/App.js 93:45-50
export 'Route' (imported as 'Route') was not found in 'react-router-dom' (module has no exports)

ERROR in ./src/App.js 104:45-50
export 'Route' (imported as 'Route') was not found in 'react-router-dom' (module has no exports)

ERROR in ./src/App.js 115:45-50
export 'Route' (imported as 'Route') was not found in 'react-router-dom' (module has no exports)

ERROR in ./src/App.js 126:45-50
export 'Route' (imported as 'Route') was not found in 'react-router-dom' (module has no exports)

ERROR in ./src/App.js 137:45-50
export 'Route' (imported as 'Route') was not found in 'react-router-dom' (module has no exports)

ERROR in ./src/App.js 148:45-50
export 'Route' (imported as 'Route') was not found in 'react-router-dom' (module has no exports)

ERROR in ./src/App.js 159:45-50
export 'Route' (imported as 'Route') was not found in 'react-router-dom' (module has no exports)

ERROR in ./src/App.js 170:45-50
export 'Route' (imported as 'Route') was not found in 'react-router-dom' (module has no exports)

ERROR in ./src/App.js 181:45-50
export 'Route' (imported as 'Route') was not found in 'react-router-dom' (module has no exports)

ERROR in ./src/App.js 197:43-48
export 'Route' (imported as 'Route') was not found in 'react-router-dom' (module has no exports)

ERROR in ./src/components/auth/RequireAuth.js 21:41-49
export 'Navigate' (imported as 'Navigate') was not found in 'react-router-dom' (module has no exports)

ERROR in ./src/components/auth/RequireAuth.js 28:52-58
export 'Outlet' (imported as 'Outlet') was not found in 'react-router-dom' (module has no exports)

ERROR in [eslint] 
src/components/auth/RequireAuth.js
  Line 8:30:  React Hook "useAuth" is called conditionally. React Hooks must be called in the exact same order in every component render  react-hooks/rules-of-hooks

Search for the keywords to learn more about each error.

webpack compiled with 21 errors
Compiling...
Failed to compile.

Attempted import error: 'BrowserRouter' is not exported from 'react-router-dom' (imported as 'Router').
ERROR in ./src/App.js 27:30-36
export 'BrowserRouter' (imported as 'Router') was not found in 'react-router-dom' (module has no exports)

ERROR in ./src/App.js 31:41-47
export 'Routes' (imported as 'Routes') was not found in 'react-router-dom' (module has no exports)

ERROR in ./src/App.js 32:44-49
export 'Route' (imported as 'Route') was not found in 'react-router-dom' (module has no exports)

ERROR in ./src/App.js 43:43-48
export 'Route' (imported as 'Route') was not found in 'react-router-dom' (module has no exports)

ERROR in ./src/App.js 54:43-48
export 'Route' (imported as 'Route') was not found in 'react-router-dom' (module has no exports)

ERROR in ./src/App.js 65:43-48
export 'Route' (imported as 'Route') was not found in 'react-router-dom' (module has no exports)

ERROR in ./src/App.js 71:46-51
export 'Route' (imported as 'Route') was not found in 'react-router-dom' (module has no exports)

ERROR in ./src/App.js 82:45-50
export 'Route' (imported as 'Route') was not found in 'react-router-dom' (module has no exports)

ERROR in ./src/App.js 93:45-50
export 'Route' (imported as 'Route') was not found in 'react-router-dom' (module has no exports)

ERROR in ./src/App.js 104:45-50
export 'Route' (imported as 'Route') was not found in 'react-router-dom' (module has no exports)

ERROR in ./src/App.js 115:45-50
export 'Route' (imported as 'Route') was not found in 'react-router-dom' (module has no exports)

ERROR in ./src/App.js 126:45-50
export 'Route' (imported as 'Route') was not found in 'react-router-dom' (module has no exports)

ERROR in ./src/App.js 137:45-50
export 'Route' (imported as 'Route') was not found in 'react-router-dom' (module has no exports)

ERROR in ./src/App.js 148:45-50
export 'Route' (imported as 'Route') was not found in 'react-router-dom' (module has no exports)

ERROR in ./src/App.js 159:45-50
export 'Route' (imported as 'Route') was not found in 'react-router-dom' (module has no exports)

ERROR in ./src/App.js 170:45-50
export 'Route' (imported as 'Route') was not found in 'react-router-dom' (module has no exports)

ERROR in ./src/App.js 181:45-50
export 'Route' (imported as 'Route') was not found in 'react-router-dom' (module has no exports)

ERROR in ./src/App.js 197:43-48
export 'Route' (imported as 'Route') was not found in 'react-router-dom' (module has no exports)

ERROR in ./src/components/auth/RequireAuth.js 21:41-49
export 'Navigate' (imported as 'Navigate') was not found in 'react-router-dom' (module has no exports)

ERROR in ./src/components/auth/RequireAuth.js 28:52-58
export 'Outlet' (imported as 'Outlet') was not found in 'react-router-dom' (module has no exports)

ERROR in [eslint] 
src/components/auth/RequireAuth.js
  Line 8:26:  React Hook "useAuth" is called conditionally. React Hooks must be called in the exact same order in every component render  react-hooks/rules-of-hooks

Search for the keywords to learn more about each error.

webpack compiled with 21 errors
Compiling...
Failed to compile.

Attempted import error: 'BrowserRouter' is not exported from 'react-router-dom' (imported as 'Router').
ERROR in ./src/App.js 27:30-36
export 'BrowserRouter' (imported as 'Router') was not found in 'react-router-dom' (module has no exports)

ERROR in ./src/App.js 31:41-47
export 'Routes' (imported as 'Routes') was not found in 'react-router-dom' (module has no exports)

ERROR in ./src/App.js 32:44-49
export 'Route' (imported as 'Route') was not found in 'react-router-dom' (module has no exports)

ERROR in ./src/App.js 43:43-48
export 'Route' (imported as 'Route') was not found in 'react-router-dom' (module has no exports)

ERROR in ./src/App.js 54:43-48
export 'Route' (imported as 'Route') was not found in 'react-router-dom' (module has no exports)

ERROR in ./src/App.js 65:43-48
export 'Route' (imported as 'Route') was not found in 'react-router-dom' (module has no exports)

ERROR in ./src/App.js 71:46-51
export 'Route' (imported as 'Route') was not found in 'react-router-dom' (module has no exports)

ERROR in ./src/App.js 82:45-50
export 'Route' (imported as 'Route') was not found in 'react-router-dom' (module has no exports)

ERROR in ./src/App.js 93:45-50
export 'Route' (imported as 'Route') was not found in 'react-router-dom' (module has no exports)

ERROR in ./src/App.js 104:45-50
export 'Route' (imported as 'Route') was not found in 'react-router-dom' (module has no exports)

ERROR in ./src/App.js 115:45-50
export 'Route' (imported as 'Route') was not found in 'react-router-dom' (module has no exports)

ERROR in ./src/App.js 126:45-50
export 'Route' (imported as 'Route') was not found in 'react-router-dom' (module has no exports)

ERROR in ./src/App.js 137:45-50
export 'Route' (imported as 'Route') was not found in 'react-router-dom' (module has no exports)

ERROR in ./src/App.js 148:45-50
export 'Route' (imported as 'Route') was not found in 'react-router-dom' (module has no exports)

ERROR in ./src/App.js 159:45-50
export 'Route' (imported as 'Route') was not found in 'react-router-dom' (module has no exports)

ERROR in ./src/App.js 170:45-50
export 'Route' (imported as 'Route') was not found in 'react-router-dom' (module has no exports)

ERROR in ./src/App.js 181:45-50
export 'Route' (imported as 'Route') was not found in 'react-router-dom' (module has no exports)

ERROR in ./src/App.js 197:43-48
export 'Route' (imported as 'Route') was not found in 'react-router-dom' (module has no exports)

ERROR in ./src/components/auth/RequireAuth.js 19:41-49
export 'Navigate' (imported as 'Navigate') was not found in 'react-router-dom' (module has no exports)

ERROR in ./src/components/auth/RequireAuth.js 26:52-58
export 'Outlet' (imported as 'Outlet') was not found in 'react-router-dom' (module has no exports)

webpack compiled with 20 errors
